// Jest Snapshot v1, https://goo.gl/fbAQLP

exports[`Max Basket Size - P1 ATokens/CTokens Should Issue/Redeem with max basket correctly 1`] = `11325033`;

exports[`Max Basket Size - P1 ATokens/CTokens Should Issue/Redeem with max basket correctly 2`] = `8297573`;

exports[`Max Basket Size - P1 ATokens/CTokens Should claim rewards correctly 1`] = `2360983`;

exports[`Max Basket Size - P1 ATokens/CTokens Should switch basket correctly 1`] = `8453412`;

exports[`Max Basket Size - P1 ATokens/CTokens Should switch basket correctly 2`] = `19817394`;

exports[`Max Basket Size - P1 Fiatcoins Should Issue/Redeem with max basket correctly 1`] = `10461171`;

exports[`Max Basket Size - P1 Fiatcoins Should Issue/Redeem with max basket correctly 2`] = `7440373`;

exports[`Max Basket Size - P1 Fiatcoins Should switch basket correctly 1`] = `4082384`;

exports[`Max Basket Size - P1 Fiatcoins Should switch basket correctly 2`] = `13529818`;
