// Jest Snapshot v1, https://goo.gl/fbAQLP

exports[`Collateral contracts Gas Reporting refresh() after full price timeout 1`] = `46228`;

exports[`Collateral contracts Gas Reporting refresh() after hard default 1`] = `71836`;

exports[`Collateral contracts Gas Reporting refresh() after hard default 2`] = `75118`;

exports[`Collateral contracts Gas Reporting refresh() after oracle timeout 1`] = `46228`;

exports[`Collateral contracts Gas Reporting refresh() during + after soft default 1`] = `61548`;

exports[`Collateral contracts Gas Reporting refresh() during + after soft default 2`] = `54280`;

exports[`Collateral contracts Gas Reporting refresh() during + after soft default 3`] = `53998`;

exports[`Collateral contracts Gas Reporting refresh() during + after soft default 4`] = `53939`;

exports[`Collateral contracts Gas Reporting refresh() during + after soft default 5`] = `53998`;

exports[`Collateral contracts Gas Reporting refresh() during SOUND 1`] = `53998`;

exports[`Collateral contracts Gas Reporting refresh() during SOUND 2`] = `53998`;
