// Jest Snapshot v1, https://goo.gl/fbAQLP

exports[`FurnaceP1 contract Gas Reporting Melt - A million periods, all at once 1`] = `83816`;

exports[`FurnaceP1 contract Gas Reporting Melt - A million periods, all at once 2`] = `92565`;

exports[`FurnaceP1 contract Gas Reporting Melt - Many periods, one after the other 1`] = `83816`;

exports[`FurnaceP1 contract Gas Reporting Melt - Many periods, one after the other 2`] = `81048`;

exports[`FurnaceP1 contract Gas Reporting Melt - Many periods, one after the other 3`] = `81048`;

exports[`FurnaceP1 contract Gas Reporting Melt - Many periods, one after the other 4`] = `81048`;

exports[`FurnaceP1 contract Gas Reporting Melt - Many periods, one after the other 5`] = `81048`;

exports[`FurnaceP1 contract Gas Reporting Melt - Many periods, one after the other 6`] = `81048`;

exports[`FurnaceP1 contract Gas Reporting Melt - Many periods, one after the other 7`] = `81048`;

exports[`FurnaceP1 contract Gas Reporting Melt - Many periods, one after the other 8`] = `81048`;

exports[`FurnaceP1 contract Gas Reporting Melt - Many periods, one after the other 9`] = `81048`;

exports[`FurnaceP1 contract Gas Reporting Melt - Many periods, one after the other 10`] = `81048`;

exports[`FurnaceP1 contract Gas Reporting Melt - Many periods, one after the other 11`] = `81048`;

exports[`FurnaceP1 contract Gas Reporting Melt - One period  1`] = `63916`;

exports[`FurnaceP1 contract Gas Reporting Melt - One period  2`] = `80548`;

exports[`FurnaceP1 contract Gas Reporting Melt - One period  3`] = `81048`;

exports[`FurnaceP1 contract Gas Reporting Melt - One period  4`] = `40755`;
