// Jest Snapshot v1, https://goo.gl/fbAQLP

exports[`Recollateralization - P1 Gas Reporting Settle Trades / Manage Funds 1`] = `63713`;

exports[`Recollateralization - P1 Gas Reporting Settle Trades / Manage Funds 2`] = `1667295`;

exports[`Recollateralization - P1 Gas Reporting Settle Trades / Manage Funds 3`] = `386392`;

exports[`Recollateralization - P1 Gas Reporting Settle Trades / Manage Funds 4`] = `184737`;

exports[`Recollateralization - P1 Gas Reporting Settle Trades / Manage Funds 5`] = `1648298`;

exports[`Recollateralization - P1 Gas Reporting Settle Trades / Manage Funds 6`] = `184745`;

exports[`Recollateralization - P1 Gas Reporting Settle Trades / Manage Funds 7`] = `1737343`;

exports[`Recollateralization - P1 Gas Reporting Settle Trades / Manage Funds 8`] = `212855`;
