// Jest Snapshot v1, https://goo.gl/fbAQLP

exports[`Revenues - P1 Gas Reporting Claim and Sweep Rewards 1`] = `165168`;

exports[`Revenues - P1 Gas Reporting Claim and Sweep Rewards 2`] = `165132`;

exports[`Revenues - P1 Gas Reporting Claim and Sweep Rewards 3`] = `165132`;

exports[`Revenues - P1 Gas Reporting Claim and Sweep Rewards 4`] = `208818`;

exports[`Revenues - P1 Gas Reporting Claim and Sweep Rewards 5`] = `229482`;

exports[`Revenues - P1 Gas Reporting Claim and Sweep Rewards 6`] = `212382`;

exports[`Revenues - P1 Gas Reporting Settle Trades / Manage Funds 1`] = `758101`;

exports[`Revenues - P1 Gas Reporting Settle Trades / Manage Funds 2`] = `1150171`;

exports[`Revenues - P1 Gas Reporting Settle Trades / Manage Funds 3`] = `320785`;

exports[`Revenues - P1 Gas Reporting Settle Trades / Manage Funds 4`] = `273846`;

exports[`Revenues - P1 Gas Reporting Settle Trades / Manage Funds 5`] = `741001`;

exports[`Revenues - P1 Gas Reporting Settle Trades / Manage Funds 6`] = `251645`;
