// Jest Snapshot v1, https://goo.gl/fbAQLP

exports[`RTokenP1 contract Gas Reporting Issuance: within block 1`] = `750756`;

exports[`RTokenP1 contract Gas Reporting Issuance: within block 2`] = `576782`;

exports[`RTokenP1 contract Gas Reporting Redemption 1`] = `515671`;

exports[`RTokenP1 contract Gas Reporting Transfer 1`] = `56592`;

exports[`RTokenP1 contract Gas Reporting Transfer 2`] = `34692`;

exports[`RTokenP1 contract Gas Reporting Transfer 3`] = `51792`;
