// Jest Snapshot v1, https://goo.gl/fbAQLP

exports[`Collateral: CurveStableMetapoolCollateral - ConvexStakingWrapper collateral functionality Gas Reporting refresh() after full price timeout 1`] = `80257`;

exports[`Collateral: CurveStableMetapoolCollateral - ConvexStakingWrapper collateral functionality Gas Reporting refresh() after full price timeout 2`] = `75789`;

exports[`Collateral: CurveStableMetapoolCollateral - ConvexStakingWrapper collateral functionality Gas Reporting refresh() after hard default 1`] = `252516`;

exports[`Collateral: CurveStableMetapoolCollateral - ConvexStakingWrapper collateral functionality Gas Reporting refresh() after hard default 2`] = `247634`;

exports[`Collateral: CurveStableMetapoolCollateral - ConvexStakingWrapper collateral functionality Gas Reporting refresh() after oracle timeout 1`] = `80257`;

exports[`Collateral: CurveStableMetapoolCollateral - ConvexStakingWrapper collateral functionality Gas Reporting refresh() after oracle timeout 2`] = `75789`;

exports[`Collateral: CurveStableMetapoolCollateral - ConvexStakingWrapper collateral functionality Gas Reporting refresh() after soft default 1`] = `75448`;

exports[`Collateral: CurveStableMetapoolCollateral - ConvexStakingWrapper collateral functionality Gas Reporting refresh() after soft default 2`] = `75448`;

exports[`Collateral: CurveStableMetapoolCollateral - ConvexStakingWrapper collateral functionality Gas Reporting refresh() during SOUND 1`] = `247631`;

exports[`Collateral: CurveStableMetapoolCollateral - ConvexStakingWrapper collateral functionality Gas Reporting refresh() during SOUND 2`] = `247631`;

exports[`Collateral: CurveStableMetapoolCollateral - ConvexStakingWrapper collateral functionality Gas Reporting refresh() during soft default 1`] = `255209`;

exports[`Collateral: CurveStableMetapoolCollateral - ConvexStakingWrapper collateral functionality Gas Reporting refresh() during soft default 2`] = `247941`;
