// Jest Snapshot v1, https://goo.gl/fbAQLP

exports[`CTokenFiatCollateral - Mainnet Forking P1 Gas Reporting refresh() after full price timeout 1`] = `119336`;

exports[`CTokenFiatCollateral - Mainnet Forking P1 Gas Reporting refresh() after full price timeout 2`] = `117668`;

exports[`CTokenFiatCollateral - Mainnet Forking P1 Gas Reporting refresh() after hard default 1`] = `76197`;

exports[`CTokenFiatCollateral - Mainnet Forking P1 Gas Reporting refresh() after hard default 2`] = `68515`;

exports[`CTokenFiatCollateral - Mainnet Forking P1 Gas Reporting refresh() after oracle timeout 1`] = `119336`;

exports[`CTokenFiatCollateral - Mainnet Forking P1 Gas Reporting refresh() after oracle timeout 2`] = `117668`;

exports[`CTokenFiatCollateral - Mainnet Forking P1 Gas Reporting refresh() after soft default 1`] = `138736`;

exports[`CTokenFiatCollateral - Mainnet Forking P1 Gas Reporting refresh() after soft default 2`] = `138662`;

exports[`CTokenFiatCollateral - Mainnet Forking P1 Gas Reporting refresh() during SOUND 1`] = `139800`;

exports[`CTokenFiatCollateral - Mainnet Forking P1 Gas Reporting refresh() during SOUND 2`] = `139800`;

exports[`CTokenFiatCollateral - Mainnet Forking P1 Gas Reporting refresh() during soft default 1`] = `174945`;

exports[`CTokenFiatCollateral - Mainnet Forking P1 Gas Reporting refresh() during soft default 2`] = `139003`;
