// Jest Snapshot v1, https://goo.gl/fbAQLP

exports[`Collateral: MorphoAAVEV2FiatCollateral - DAI collateral functionality Gas Reporting refresh() after full price timeout 1`] = `134211`;

exports[`Collateral: MorphoAAVEV2FiatCollateral - DAI collateral functionality Gas Reporting refresh() after full price timeout 2`] = `129742`;

exports[`Collateral: MorphoAAVEV2FiatCollateral - DAI collateral functionality Gas Reporting refresh() after hard default 1`] = `179789`;

exports[`Collateral: MorphoAAVEV2FiatCollateral - DAI collateral functionality Gas Reporting refresh() after hard default 2`] = `172106`;

exports[`Collateral: MorphoAAVEV2FiatCollateral - DAI collateral functionality Gas Reporting refresh() after oracle timeout 1`] = `134211`;

exports[`Collateral: MorphoAAVEV2FiatCollateral - DAI collateral functionality Gas Reporting refresh() after oracle timeout 2`] = `129742`;

exports[`Collateral: MorphoAAVEV2FiatCollateral - DAI collateral functionality Gas Reporting refresh() after soft default 1`] = `129401`;

exports[`Collateral: MorphoAAVEV2FiatCollateral - DAI collateral functionality Gas Reporting refresh() after soft default 2`] = `129401`;

exports[`Collateral: MorphoAAVEV2FiatCollateral - DAI collateral functionality Gas Reporting refresh() during SOUND 1`] = `172103`;

exports[`Collateral: MorphoAAVEV2FiatCollateral - DAI collateral functionality Gas Reporting refresh() during SOUND 2`] = `172103`;

exports[`Collateral: MorphoAAVEV2FiatCollateral - DAI collateral functionality Gas Reporting refresh() during soft default 1`] = `179654`;

exports[`Collateral: MorphoAAVEV2FiatCollateral - DAI collateral functionality Gas Reporting refresh() during soft default 2`] = `172385`;

exports[`Collateral: MorphoAAVEV2FiatCollateral - USDC collateral functionality Gas Reporting refresh() after full price timeout 1`] = `134414`;

exports[`Collateral: MorphoAAVEV2FiatCollateral - USDC collateral functionality Gas Reporting refresh() after full price timeout 2`] = `129945`;

exports[`Collateral: MorphoAAVEV2FiatCollateral - USDC collateral functionality Gas Reporting refresh() after hard default 1`] = `180195`;

exports[`Collateral: MorphoAAVEV2FiatCollateral - USDC collateral functionality Gas Reporting refresh() after hard default 2`] = `172512`;

exports[`Collateral: MorphoAAVEV2FiatCollateral - USDC collateral functionality Gas Reporting refresh() after oracle timeout 1`] = `134414`;

exports[`Collateral: MorphoAAVEV2FiatCollateral - USDC collateral functionality Gas Reporting refresh() after oracle timeout 2`] = `129945`;

exports[`Collateral: MorphoAAVEV2FiatCollateral - USDC collateral functionality Gas Reporting refresh() after soft default 1`] = `129604`;

exports[`Collateral: MorphoAAVEV2FiatCollateral - USDC collateral functionality Gas Reporting refresh() after soft default 2`] = `129604`;

exports[`Collateral: MorphoAAVEV2FiatCollateral - USDC collateral functionality Gas Reporting refresh() during SOUND 1`] = `172509`;

exports[`Collateral: MorphoAAVEV2FiatCollateral - USDC collateral functionality Gas Reporting refresh() during SOUND 2`] = `172509`;

exports[`Collateral: MorphoAAVEV2FiatCollateral - USDC collateral functionality Gas Reporting refresh() during soft default 1`] = `180060`;

exports[`Collateral: MorphoAAVEV2FiatCollateral - USDC collateral functionality Gas Reporting refresh() during soft default 2`] = `172791`;

exports[`Collateral: MorphoAAVEV2FiatCollateral - USDT collateral functionality Gas Reporting refresh() after full price timeout 1`] = `133567`;

exports[`Collateral: MorphoAAVEV2FiatCollateral - USDT collateral functionality Gas Reporting refresh() after full price timeout 2`] = `129098`;

exports[`Collateral: MorphoAAVEV2FiatCollateral - USDT collateral functionality Gas Reporting refresh() after hard default 1`] = `178501`;

exports[`Collateral: MorphoAAVEV2FiatCollateral - USDT collateral functionality Gas Reporting refresh() after hard default 2`] = `170818`;

exports[`Collateral: MorphoAAVEV2FiatCollateral - USDT collateral functionality Gas Reporting refresh() after oracle timeout 1`] = `133567`;

exports[`Collateral: MorphoAAVEV2FiatCollateral - USDT collateral functionality Gas Reporting refresh() after oracle timeout 2`] = `129098`;

exports[`Collateral: MorphoAAVEV2FiatCollateral - USDT collateral functionality Gas Reporting refresh() after soft default 1`] = `128757`;

exports[`Collateral: MorphoAAVEV2FiatCollateral - USDT collateral functionality Gas Reporting refresh() after soft default 2`] = `128757`;

exports[`Collateral: MorphoAAVEV2FiatCollateral - USDT collateral functionality Gas Reporting refresh() during SOUND 1`] = `170815`;

exports[`Collateral: MorphoAAVEV2FiatCollateral - USDT collateral functionality Gas Reporting refresh() during SOUND 2`] = `170815`;

exports[`Collateral: MorphoAAVEV2FiatCollateral - USDT collateral functionality Gas Reporting refresh() during soft default 1`] = `178366`;

exports[`Collateral: MorphoAAVEV2FiatCollateral - USDT collateral functionality Gas Reporting refresh() during soft default 2`] = `171097`;
