// Jest Snapshot v1, https://goo.gl/fbAQLP

exports[`Collateral: SDaiCollateral collateral functionality Gas Reporting refresh() after full price timeout 1`] = `116743`;

exports[`Collateral: SDaiCollateral collateral functionality Gas Reporting refresh() after full price timeout 2`] = `108431`;

exports[`Collateral: SDaiCollateral collateral functionality Gas Reporting refresh() after hard default 1`] = `131238`;

exports[`Collateral: SDaiCollateral collateral functionality Gas Reporting refresh() after hard default 2`] = `123278`;

exports[`Collateral: SDaiCollateral collateral functionality Gas Reporting refresh() after oracle timeout 1`] = `116562`;

exports[`Collateral: SDaiCollateral collateral functionality Gas Reporting refresh() after oracle timeout 2`] = `108431`;

exports[`Collateral: SDaiCollateral collateral functionality Gas Reporting refresh() after soft default 1`] = `111417`;

exports[`Collateral: SDaiCollateral collateral functionality Gas Reporting refresh() after soft default 2`] = `108090`;

exports[`Collateral: SDaiCollateral collateral functionality Gas Reporting refresh() during SOUND 1`] = `123275`;

exports[`Collateral: SDaiCollateral collateral functionality Gas Reporting refresh() during SOUND 2`] = `123275`;

exports[`Collateral: SDaiCollateral collateral functionality Gas Reporting refresh() during soft default 1`] = `131177`;

exports[`Collateral: SDaiCollateral collateral functionality Gas Reporting refresh() during soft default 2`] = `123631`;
